
> frontend@0.1.0 dev /app/frontend
> next dev

⚠ Warning: Next.js inferred your workspace root, but it may not be correct.
 We detected multiple lockfiles and selected the directory of /app/pnpm-lock.yaml as the root directory.
 To silence this warning, set `turbopack.root` in your Next.js config, or consider removing one of the lockfiles if it's not needed.
   See https://nextjs.org/docs/app/api-reference/config/next-config-js/turbopack#root-directory for more information.
 Detected additional lockfiles:
   * /app/frontend/pnpm-lock.yaml

▲ Next.js 16.1.6 (Turbopack)
- Local:         http://localhost:3000
- Network:       http://192.168.0.2:3000
- Experiments (use with caution):
  · clientTraceMetadata
  · optimizePackageImports

✓ Starting...
Attention: Next.js now collects completely anonymous telemetry regarding usage.
This information is used to shape Next.js' roadmap and prioritize features.
You can learn more, including how to opt-out if you'd not like to participate in this anonymous program, by visiting the following URL:
https://nextjs.org/telemetry

✓ Ready in 6.3s
○ Compiling /dashboard ...
 GET /dashboard?baby_id=1 200 in 16.6s (compile: 15.0s, render: 1613ms)
○ Compiling /_not-found/page ...
 GET /api/version 404 in 5.0s (compile: 4.5s, render: 470ms)
 GET /api/babies 404 in 5.0s (compile: 4.8s, render: 186ms)
 GET /api/notifications 404 in 220ms (compile: 68ms, render: 152ms)
 GET /api/notifications/unread-count 404 in 241ms (compile: 43ms, render: 198ms)
 GET /api/notifications 404 in 83ms (compile: 10ms, render: 74ms)
 GET /api/notifications/unread-count 404 in 120ms (compile: 12ms, render: 109ms)
 GET /api/version 404 in 69ms (compile: 10ms, render: 60ms)
 GET /dashboard?baby_id=1 200 in 101ms (compile: 12ms, render: 89ms)
 GET /api/babies 404 in 87ms (compile: 10ms, render: 77ms)
 GET /api/notifications/unread-count 404 in 78ms (compile: 17ms, render: 61ms)
 GET /api/notifications/unread-count 404 in 71ms (compile: 8ms, render: 63ms)
 GET /dashboard?baby_id=1 200 in 76ms (compile: 7ms, render: 70ms)
 GET /api/babies 404 in 99ms (compile: 11ms, render: 88ms)
 GET /api/notifications/unread-count 404 in 74ms (compile: 10ms, render: 65ms)
 GET /api/notifications/unread-count 404 in 66ms (compile: 7ms, render: 58ms)
 GET /dashboard?baby_id=1 200 in 74ms (compile: 6ms, render: 68ms)
 GET /dashboard?baby_id=1 200 in 73ms (compile: 6ms, render: 67ms)
 POST /api/babies/1/record-feedback 404 in 63ms (compile: 8ms, render: 56ms)
 GET /dashboard?baby_id=1 200 in 101ms (compile: 8ms, render: 94ms)
 POST /api/babies/1/record-feedback 404 in 68ms (compile: 10ms, render: 58ms)
