Lockfile is up to date, resolution step is skipped
Progress: resolved 1, reused 0, downloaded 0, added 0
Packages: +1160
++++++++++++++++++++++++++++++++++++++++++++++++++++++++++++++++++++++++++++++++
Progress: resolved 1160, reused 0, downloaded 16, added 0

   ╭──────────────────────────────────────────╮
   │                                          │
   │   Update available! 10.28.0 → 10.30.1.   │
   │   Changelog: https://pnpm.io/v/10.30.1   │
   │     To update, run: pnpm add -g pnpm     │
   │                                          │
   ╰──────────────────────────────────────────╯

Progress: resolved 1160, reused 0, downloaded 36, added 8
Progress: resolved 1160, reused 0, downloaded 76, added 37
Progress: resolved 1160, reused 0, downloaded 159, added 73
Progress: resolved 1160, reused 0, downloaded 268, added 142
Progress: resolved 1160, reused 0, downloaded 370, added 210
Progress: resolved 1160, reused 0, downloaded 408, added 233
Progress: resolved 1160, reused 0, downloaded 465, added 271
Progress: resolved 1160, reused 0, downloaded 602, added 435
Progress: resolved 1160, reused 0, downloaded 721, added 542
Progress: resolved 1160, reused 0, downloaded 863, added 665
Progress: resolved 1160, reused 0, downloaded 981, added 719
Progress: resolved 1160, reused 0, downloaded 1159, added 969
Progress: resolved 1160, reused 0, downloaded 1159, added 1160, done

dependencies:
+ @ducanh2912/next-pwa 10.2.9
+ @hookform/resolvers 5.2.2
+ @radix-ui/react-checkbox 1.3.3
+ @radix-ui/react-collapsible 1.1.12
+ @sentry/nextjs 10.39.0
+ browser-image-compression 2.0.2
+ class-variance-authority 0.7.1
+ clsx 2.1.1
+ date-fns 4.1.0
+ framer-motion 12.34.0
+ lucide-react 0.563.0
+ next 16.1.6
+ next-themes 0.4.6
+ openapi-fetch 0.17.0
+ radix-ui 1.4.3
+ react 19.2.3
+ react-dom 19.2.3
+ react-hook-form 7.71.1
+ react-markdown 10.1.0
+ recharts 3.7.0
+ sonner 2.0.7
+ swr 2.4.0
+ tailwind-merge 3.4.0
+ vaul 1.1.2
+ zod 4.3.6
+ zustand 5.0.11

devDependencies:
+ @tailwindcss/postcss 4.1.18
+ @tailwindcss/typography 0.5.19
+ @types/node 20.19.33
+ @types/react 19.2.14
+ @types/react-dom 19.2.3
+ @vitest/ui 4.0.18
+ eslint 9.39.2
+ eslint-config-next 16.1.6
+ openapi-typescript 7.13.0
+ shadcn 3.8.5
+ tailwindcss 4.1.18
+ tw-animate-css 1.4.0
+ typescript 5.9.3
+ vitest 4.0.18

╭ Warning ─────────────────────────────────────────────────────────────────────╮
│                                                                              │
│   Ignored build scripts: @sentry/cli@2.58.4, esbuild@0.27.3, msw@2.12.10,    │
│   sharp@0.34.5, unrs-resolver@1.11.1.                                        │
│   Run "pnpm approve-builds" to pick which dependencies should be allowed     │
│   to run scripts.                                                            │
│                                                                              │
╰──────────────────────────────────────────────────────────────────────────────╯
Done in 15.6s using pnpm v10.28.0
